<?xml version="1.0" encoding="UTF-8"?>
<program language="IPPcode20">
 <instruction order="1" opcode="WRITE">
  <arg1 type="string">c😍unter</arg1>
 </instruction>
</program>